cargo :     Checking 
windows-link v0.2.1
At line:1 char:1
+ cargo check 
--workspace 2>&1 | 
Out-File -Encoding 
utf8 build_errors.t 
...
+ ~~~~~~~~~~~~~~~~~~~~
~~~~~~~~
    + CategoryInfo    
          : NotSpeci  
  fied: (    Checki   
 ng windows-link v    
0.2.1:String) [],     
RemoteException
    + FullyQualifiedE 
   rrorId : NativeCo  
  mmandError
 
    Checking cfg-if 
v1.0.4
    Checking smallvec 
v1.15.1
    Checking 
scopeguard v1.2.0
    Checking 
once_cell v1.21.4
    Checking 
pin-project-lite 
v0.2.17
    Checking bytes 
v1.11.1
    Checking log 
v0.4.29
    Checking memchr 
v2.8.0
    Checking dotenvy 
v0.15.7
    Checking 
lazy_static v1.5.0
    Checking itoa 
v1.0.17
    Checking 
arb_metrics v0.1.0 (C:
\Users\olivi\Documents
\ArbHunger\crates\arb_
metrics)
    Checking 
arb_filter v0.1.0 (C:\
Users\olivi\Documents\
ArbHunger\crates\arb_f
ilter)
    Checking 
arb_storage v0.1.0 (C:
\Users\olivi\Documents
\ArbHunger\crates\arb_
storage)
    Checking arb_sim 
v0.1.0 (C:\Users\olivi
\Documents\ArbHunger\c
rates\arb_sim)
    Checking 
arb_state v0.1.0 (C:\U
sers\olivi\Documents\A
rbHunger\crates\arb_st
ate)
    Checking 
serde_core v1.0.228
    Checking zmij 
v1.0.21
    Checking 
arb_execute v0.1.0 (C:
\Users\olivi\Documents
\ArbHunger\crates\arb_
execute)
    Checking 
arb_route v0.1.0 (C:\U
sers\olivi\Documents\A
rbHunger\crates\arb_ro
ute)
    Checking 
windows-sys v0.61.2
    Checking 
thread_local v1.1.9
    Checking lock_api 
v0.4.14
    Checking 
sharded-slab v0.1.7
    Checking 
tracing-core v0.1.36
    Checking 
arb_config v0.1.0 (C:\
Users\olivi\Documents\
ArbHunger\crates\arb_c
onfig)
    Checking 
parking_lot_core 
v0.9.12
    Checking 
parking_lot v0.12.5
    Checking 
tracing-log v0.2.0
    Checking tracing 
v0.1.44
    Checking serde 
v1.0.228
    Checking 
serde_json v1.0.149
    Checking 
arb_types v0.1.0 (C:\U
sers\olivi\Documents\A
rbHunger\crates\arb_ty
pes)
    Checking socket2 
v0.6.3
    Checking mio 
v1.1.1
    Checking 
nu-ansi-term v0.50.3
    Checking 
tracing-subscriber 
v0.3.22
    Checking tokio 
v1.50.0
    Checking 
arb_ingest v0.1.0 (C:\
Users\olivi\Documents\
ArbHunger\crates\arb_i
ngest)
    Checking 
arb_providers v0.1.0 (
C:\Users\olivi\Documen
ts\ArbHunger\crates\ar
b_providers)
warning: unused 
import: `Instant`
 --> crates\arb_provid
ers\src\lib.rs:4:36
  |
4 | use 
tokio::time::{sleep, 
Duration, Instant};
  |                   
                 
^^^^^^^
  |
  = note: `#[warn(unus
ed_imports)]` (part 
of `#[warn(unused)]`) 
on by default

warning: unused 
import: `ProviderStatu
sSnapshot`
 --> crates\arb_provid
ers\src\lib.rs:8:47
  |
8 | use arb_types::{Pr
oviderHealth, 
ProviderKind, Provider
StatusSnapshot};
  |                   
                      
      
^^^^^^^^^^^^^^^^^^^^^^

warning: field `url` 
is never read
  --> crates\arb_provi
ders\src\lib.rs:22:5
   |
20 | pub struct 
BaseProvider {
   |            
------------ field in 
this struct
21 |     kind: 
ProviderKind,
22 |     url: String,
   |     ^^^
   |
   = note: 
`#[warn(dead_code)]` 
(part of 
`#[warn(unused)]`) on 
by default

warning: 
`arb_providers` (lib) 
generated 3 warnings 
(run `cargo fix --lib 
-p arb_providers` to 
apply 2 suggestions)
    Checking 
arb_daemon v0.1.0 (C:\
Users\olivi\Documents\
ArbHunger\bin\arb_daem
on)
    Finished `dev` 
profile [unoptimized 
+ debuginfo] 
target(s) in 3.47s
